// Jest Snapshot v1, https://goo.gl/fbAQLP

exports[`renders Feb 2016 correctly 1`] = `
Array [
  <div
    className="row"
>
    <div
        className="column"
    >
        <div>
            1
        </div>
    </div>
    <div
        className="column"
    >
        <div>
            2
        </div>
    </div>
    <div
        className="column"
    >
        <div>
            3
        </div>
    </div>
    <div
        className="column"
    >
        <div>
            4
        </div>
    </div>
    <div
        className="column"
    >
        <div>
            5
        </div>
    </div>
    <div
        className="column"
    >
        <div>
            6
        </div>
    </div>
    <div
        className="column"
    >
        <div>
            7
        </div>
    </div>
</div>,
  <div
    className="row"
>
    <div
        className="column"
    >
        <div>
            8
        </div>
    </div>
    <div
        className="column"
    >
        <div>
            9
        </div>
    </div>
    <div
        className="column"
    >
        <div>
            10
        </div>
    </div>
    <div
        className="column"
    >
        <div>
            11
        </div>
    </div>
    <div
        className="column"
    >
        <div>
            12
        </div>
    </div>
    <div
        className="column"
    >
        <div>
            13
        </div>
    </div>
    <div
        className="column"
    >
        <div>
            14
        </div>
    </div>
</div>,
  <div
    className="row"
>
    <div
        className="column"
    >
        <div>
            15
        </div>
    </div>
    <div
        className="column"
    >
        <div>
            16
        </div>
    </div>
    <div
        className="column"
    >
        <div>
            17
        </div>
    </div>
    <div
        className="column"
    >
        <div>
            18
        </div>
    </div>
    <div
        className="column"
    >
        <div>
            19
        </div>
    </div>
    <div
        className="column"
    >
        <div>
            20
        </div>
    </div>
    <div
        className="column"
    >
        <div>
            21
        </div>
    </div>
</div>,
  <div
    className="row"
>
    <div
        className="column"
    >
        <div>
            22
        </div>
    </div>
    <div
        className="column"
    >
        <div>
            23
        </div>
    </div>
    <div
        className="column"
    >
        <div>
            24
        </div>
    </div>
    <div
        className="column"
    >
        <div>
            25
        </div>
    </div>
    <div
        className="column"
    >
        <div>
            26
        </div>
    </div>
    <div
        className="column"
    >
        <div>
            27
        </div>
    </div>
    <div
        className="column"
    >
        <div>
            28
        </div>
    </div>
</div>,
  <div
    className="row"
>
    <div
        className="column"
    >
        <div>
            29
        </div>
    </div>
    <div
        className="grey column no-day shadow"
    >
        <div />
    </div>
    <div
        className="grey column no-day shadow"
    >
        <div />
    </div>
    <div
        className="grey column no-day shadow"
    >
        <div />
    </div>
    <div
        className="grey column no-day shadow"
    >
        <div />
    </div>
    <div
        className="grey column no-day shadow"
    >
        <div />
    </div>
    <div
        className="grey column no-day shadow"
    >
        <div />
    </div>
</div>,
  <div
    className="row"
/>,
]
`;

exports[`renders Oct 2017 correctly 1`] = `
Array [
  <div
    className="row"
>
    <div
        className="grey column no-day shadow"
    >
        <div />
    </div>
    <div
        className="grey column no-day shadow"
    >
        <div />
    </div>
    <div
        className="grey column no-day shadow"
    >
        <div />
    </div>
    <div
        className="grey column no-day shadow"
    >
        <div />
    </div>
    <div
        className="grey column no-day shadow"
    >
        <div />
    </div>
    <div
        className="grey column no-day shadow"
    >
        <div />
    </div>
    <div
        className="column"
    >
        <div>
            1
        </div>
    </div>
</div>,
  <div
    className="row"
>
    <div
        className="column"
    >
        <div>
            2
        </div>
    </div>
    <div
        className="column"
    >
        <div>
            3
        </div>
    </div>
    <div
        className="column"
    >
        <div>
            4
        </div>
    </div>
    <div
        className="column"
    >
        <div>
            5
        </div>
    </div>
    <div
        className="column"
    >
        <div>
            6
        </div>
    </div>
    <div
        className="column"
    >
        <div>
            7
        </div>
    </div>
    <div
        className="column"
    >
        <div>
            8
        </div>
    </div>
</div>,
  <div
    className="row"
>
    <div
        className="column"
    >
        <div>
            9
        </div>
    </div>
    <div
        className="column"
    >
        <div>
            10
        </div>
    </div>
    <div
        className="column"
    >
        <div>
            11
        </div>
    </div>
    <div
        className="column"
    >
        <div>
            12
        </div>
    </div>
    <div
        className="column"
    >
        <div>
            13
        </div>
    </div>
    <div
        className="column"
    >
        <div>
            14
        </div>
    </div>
    <div
        className="column"
    >
        <div>
            15
        </div>
    </div>
</div>,
  <div
    className="row"
>
    <div
        className="column"
    >
        <div>
            16
        </div>
    </div>
    <div
        className="column"
    >
        <div>
            17
        </div>
    </div>
    <div
        className="column"
    >
        <div>
            18
        </div>
    </div>
    <div
        className="column"
    >
        <div>
            19
        </div>
    </div>
    <div
        className="column"
    >
        <div>
            20
        </div>
    </div>
    <div
        className="column"
    >
        <div>
            21
        </div>
    </div>
    <div
        className="column"
    >
        <div>
            22
        </div>
    </div>
</div>,
  <div
    className="row"
>
    <div
        className="column"
    >
        <div>
            23
        </div>
    </div>
    <div
        className="column"
    >
        <div>
            24
        </div>
    </div>
    <div
        className="column"
    >
        <div>
            25
        </div>
    </div>
    <div
        className="column"
    >
        <div>
            26
        </div>
    </div>
    <div
        className="column"
    >
        <div>
            27
        </div>
    </div>
    <div
        className="column"
    >
        <div>
            28
        </div>
    </div>
    <div
        className="column"
    >
        <div>
            29
        </div>
    </div>
</div>,
  <div
    className="row"
>
    <div
        className="column"
    >
        <div>
            30
        </div>
    </div>
    <div
        className="column"
    >
        <div>
            31
        </div>
    </div>
    <div
        className="grey column no-day shadow"
    >
        <div />
    </div>
    <div
        className="grey column no-day shadow"
    >
        <div />
    </div>
    <div
        className="grey column no-day shadow"
    >
        <div />
    </div>
    <div
        className="grey column no-day shadow"
    >
        <div />
    </div>
    <div
        className="grey column no-day shadow"
    >
        <div />
    </div>
</div>,
]
`;
